<html>
<body>
<pre>
<h1>µVision Build Log</h1>
<h2>Project:</h2>
C:\Users\apple\Desktop\Embedded\Homework-1\simulation.uvproj
Project File Date:  09/11/2019

<h2>Output:</h2>
Build target 'Target 1'
linking...
Program Size: Code=1204 RO-data=32 RW-data=4 ZI-data=1028  
".\simulation.axf" - 0 Error(s), 0 Warning(s).
Load "C:\\Users\\apple\\Desktop\\Embedded\\Homework-1\\simulation.axf" 
Connecting: Mode=JTAG, Speed=1000000Hz
Erase Done.
Programming Done.
Verify OK.
</pre>
</body>
</html>
